#separator \x09
#set_separator	,
#empty_field	(empty)
#unset_field	-
#path	ocsp
#open	2026-05-19-06-09-50
#fields	ts	id	hashAlgorithm	issuerNameHash	issuerKeyHash	serialNumber	certStatus	revoketime	revokereason	thisUpdate	nextUpdate
#types	time	string	string	string	string	string	string	time	string	time	time
1772308525.944889	FApV0N3DxwzTiwATnl	sha1	34711AABC831A446F557713687C716C08AA381E8	B82F33A67C514F7F1F2DD5C8154238A4B20E8F2F	4100051BB41E4DB07548D3D7F9000000051BB4	good	-	-	1771870388.000000	1772562788.000000
1772308531.421984	F9hlKJ2em1rkFXh4dl	sha1	E475019DC323E226741D6C40390795F90596462E	3B70D153E976259D60A8CA660FC69BAE6F54166A	3303876F3F00B7D0A416EF0E5E000003876F3F	good	-	-	1771783988.000000	1772476388.000000
1772308531.431814	Fo21qt4gb0UeFegPG5	sha1	E475019DC323E226741D6C40390795F90596462E	3B70D153E976259D60A8CA660FC69BAE6F54166A	3303876F3F00B7D0A416EF0E5E000003876F3F	good	-	-	1771783988.000000	1772476388.000000
1772308559.352878	F2JZd5vEucncMoqbf	sha1	B34FFCEAC1CA8DBE13FD8B8738B023F3D896F3AC	FE09714055051044D8A48175B89E1AE94A0688C8	3303643E070A4F3177E82C931E000003643E07	good	-	-	1771999989.000000	1772692389.000000
1772308561.333524	FtxLU130zmYVGbFAtc	sha1	E475019DC323E226741D6C40390795F90596462E	3B70D153E976259D60A8CA660FC69BAE6F54166A	3303876F3F00B7D0A416EF0E5E000003876F3F	good	-	-	1771783988.000000	1772476388.000000
1772308566.039461	Ffqd2b3RPqyIG5wFij	sha1	BF9BCBEF71E2B39B8D19487ACFC75885354F8F02	8A23EB9E6BD7F9375DF96D2139769AA167DE10A8	06BBC091E464BDCE033541F150DC2DC2	good	-	-	1771999444.000000	1772600644.000000
1772308566.193647	FVrQlc1Ym5zKN9vmsd	sha1	BF9BCBEF71E2B39B8D19487ACFC75885354F8F02	8A23EB9E6BD7F9375DF96D2139769AA167DE10A8	06BBC091E464BDCE033541F150DC2DC2	good	-	-	1772090339.000000	1772691539.000000
1772308585.938330	FR05vO2z0c7taoNpal	sha1	E475019DC323E226741D6C40390795F90596462E	3B70D153E976259D60A8CA660FC69BAE6F54166A	3303876F3F00B7D0A416EF0E5E000003876F3F	good	-	-	1771827188.000000	1772519588.000000
1772308591.338113	FPHQiS2gqfclBOrFL9	sha1	E475019DC323E226741D6C40390795F90596462E	3B70D153E976259D60A8CA660FC69BAE6F54166A	3303876F3F00B7D0A416EF0E5E000003876F3F	good	-	-	1771783988.000000	1772476388.000000
1772308604.282912	FMcXpPjqlS4WqhMbg	sha1	E475019DC323E226741D6C40390795F90596462E	3B70D153E976259D60A8CA660FC69BAE6F54166A	3303876F3F00B7D0A416EF0E5E000003876F3F	good	-	-	1772230388.000000	1772922788.000000
1772308604.292654	FwZxKc1f4kHLr4BJD5	sha1	E475019DC323E226741D6C40390795F90596462E	3B70D153E976259D60A8CA660FC69BAE6F54166A	3303876F3F00B7D0A416EF0E5E000003876F3F	good	-	-	1771956788.000000	1772649188.000000
1772308664.240204	FwOzRm2ncohGgDeSf	sha1	E475019DC323E226741D6C40390795F90596462E	3B70D153E976259D60A8CA660FC69BAE6F54166A	3303876F3F00B7D0A416EF0E5E000003876F3F	good	-	-	1771783988.000000	1772476388.000000
1772309565.098973	FykmcO5dZ0YDuPcfe	sha1	7624DB6BD09C44BD8C92A5BC8159AA8199E6A50A	CE15163BEA02A3A66BDAD92BFDE58C52BE7A50A8	3302F021E83478786F08156229000002F021E8	good	-	-	1772230388.000000	1772922788.000000
1772309682.566231	F1wm1F4ZWRXLeCrhRe	sha1	7624DB6BD09C44BD8C92A5BC8159AA8199E6A50A	CE15163BEA02A3A66BDAD92BFDE58C52BE7A50A8	3302F021E83478786F08156229000002F021E8	good	-	-	1772230388.000000	1772922788.000000
1772309876.484601	F6FEjx1ibdLiG2oKJ6	sha1	E475019DC323E226741D6C40390795F90596462E	3B70D153E976259D60A8CA660FC69BAE6F54166A	3303876F3F00B7D0A416EF0E5E000003876F3F	good	-	-	1772215988.000000	1772908388.000000
1772309928.898442	FMgNKK1IE90ySAIoEj	sha1	7624DB6BD09C44BD8C92A5BC8159AA8199E6A50A	CE15163BEA02A3A66BDAD92BFDE58C52BE7A50A8	3302F021E83478786F08156229000002F021E8	good	-	-	1772230388.000000	1772922788.000000
1772309941.166916	FTS6vdp5nuK5c7uZj	sha1	39D28B71FE1D19B65FB3F1288F23BC04595C4395	4E2254201895E6E36EE60FFAFAB912ED06178F39	0EFB7E547EDF0FF1069AEE57696D7BA0	good	-	-	1772214531.000000	1772819331.000000
1772311094.076075	FsblLU1oFXED0xd2Yh	sha1	E475019DC323E226741D6C40390795F90596462E	3B70D153E976259D60A8CA660FC69BAE6F54166A	3303416C98900D8BD4D264C7FA000003416C98	good	-	-	1772215988.000000	1772908388.000000
1772312204.222573	FwEtqs43k1OiLPaDV8	sha1	E475019DC323E226741D6C40390795F90596462E	3B70D153E976259D60A8CA660FC69BAE6F54166A	3303876F3F00B7D0A416EF0E5E000003876F3F	good	-	-	1772215988.000000	1772908388.000000
1772313435.882093	FrDoNb1IltYoDiTVZ1	sha1	7624DB6BD09C44BD8C92A5BC8159AA8199E6A50A	CE15163BEA02A3A66BDAD92BFDE58C52BE7A50A8	3302F021E83478786F08156229000002F021E8	good	-	-	1772230388.000000	1772922788.000000
1772313490.262694	FWeCsF42aKPnmQUKkh	sha1	E475019DC323E226741D6C40390795F90596462E	3B70D153E976259D60A8CA660FC69BAE6F54166A	3303876F3F00B7D0A416EF0E5E000003876F3F	good	-	-	1772043188.000000	1772735588.000000
1772313541.164796	FgfRpu1ihbm5mzjTab	sha1	7624DB6BD09C44BD8C92A5BC8159AA8199E6A50A	CE15163BEA02A3A66BDAD92BFDE58C52BE7A50A8	3302F021E83478786F08156229000002F021E8	good	-	-	1772230388.000000	1772922788.000000
1772313541.286770	Fr6ggVPe5KJpSGoZc	sha1	39D28B71FE1D19B65FB3F1288F23BC04595C4395	4E2254201895E6E36EE60FFAFAB912ED06178F39	05196526449A5E3D1A38748F5DCFEBCC	good	-	-	1772214421.000000	1772819221.000000
1772313778.429292	Fr3arNosSzEpmmXw8	sha1	7624DB6BD09C44BD8C92A5BC8159AA8199E6A50A	CE15163BEA02A3A66BDAD92BFDE58C52BE7A50A8	3302F021E83478786F08156229000002F021E8	good	-	-	1772129588.000000	1772821988.000000
1772315804.214558	Fjw2NV3ZLuYwZhmo2l	sha1	E475019DC323E226741D6C40390795F90596462E	3B70D153E976259D60A8CA660FC69BAE6F54166A	3303876F3F00B7D0A416EF0E5E000003876F3F	good	-	-	1771827188.000000	1772519588.000000
1772317100.551334	FiyqIA4aBmxrfh5xN7	sha1	E475019DC323E226741D6C40390795F90596462E	3B70D153E976259D60A8CA660FC69BAE6F54166A	3303876F3F00B7D0A416EF0E5E000003876F3F	good	-	-	1771783988.000000	1772476388.000000
1772319404.135869	FOeSK432ZZxUi2oVt2	sha1	E475019DC323E226741D6C40390795F90596462E	3B70D153E976259D60A8CA660FC69BAE6F54166A	3303876F3F00B7D0A416EF0E5E000003876F3F	good	-	-	1771783988.000000	1772476388.000000
1772320714.642680	FeASTQ3ImJdg6Zu4G4	sha1	E475019DC323E226741D6C40390795F90596462E	3B70D153E976259D60A8CA660FC69BAE6F54166A	3303876F3F00B7D0A416EF0E5E000003876F3F	good	-	-	1771783988.000000	1772476388.000000
1772323004.106022	FWbsVE4la10bZ0rtc8	sha1	E475019DC323E226741D6C40390795F90596462E	3B70D153E976259D60A8CA660FC69BAE6F54166A	3303876F3F00B7D0A416EF0E5E000003876F3F	good	-	-	1771783988.000000	1772476388.000000
#close	2026-05-19-06-09-51
